2026-08-13 15:50:32,709 - __main__ - INFO - Using cloudscraper for Cloudflare protection
2026-08-13 15:51:20,635 - __main__ - INFO - Initialized enhanced scraper with requests
2026-08-13 15:51:20,635 - __main__ - INFO - Fetching ZSPD 2023-01
2026-08-13 15:51:27,310 - __main__ - INFO - Fetching https://www.wunderground.com/history/monthly/cn/shanghai/ZSPD/date/2023-1 (attempt 1/5)
2026-08-13 15:51:29,939 - __main__ - INFO - Found 0 days for ZSPD 2023-01
2026-08-13 15:51:32,346 - __main__ - INFO - Fetching ZSPD 2023-02
2026-08-13 15:51:35,470 - __main__ - INFO - Fetching https://www.wunderground.com/history/monthly/cn/shanghai/ZSPD/date/2023-2 (attempt 1/5)
2026-08-13 15:51:37,717 - __main__ - INFO - Found 0 days for ZSPD 2023-02
2026-08-13 15:51:39,895 - __main__ - INFO - Fetching ZSPD 2023-03
2026-08-13 15:51:41,815 - __main__ - INFO - Fetching https://www.wunderground.com/history/monthly/cn/shanghai/ZSPD/date/2023-3 (attempt 1/5)
2026-08-13 15:51:44,418 - __main__ - INFO - Found 0 days for ZSPD 2023-03
2026-08-13 15:51:48,078 - __main__ - INFO - Fetching ZSPD 2023-04
2026-08-13 15:51:51,609 - __main__ - INFO - Fetching https://www.wunderground.com/history/monthly/cn/shanghai/ZSPD/date/2023-4 (attempt 1/5)
2026-08-13 15:51:53,924 - __main__ - INFO - Found 0 days for ZSPD 2023-04
2026-08-13 15:51:56,926 - __main__ - INFO - Fetching ZSPD 2023-05
2026-08-13 15:52:01,429 - __main__ - INFO - Fetching https://www.wunderground.com/history/monthly/cn/shanghai/ZSPD/date/2023-5 (attempt 1/5)
2026-08-13 15:52:04,070 - __main__ - INFO - Found 0 days for ZSPD 2023-05
2026-08-13 15:52:06,485 - __main__ - INFO - Fetching ZSPD 2023-06
2026-08-13 15:52:10,816 - __main__ - INFO - Fetching https://www.wunderground.com/history/monthly/cn/shanghai/ZSPD/date/2023-6 (attempt 1/5)
2026-08-13 15:52:13,444 - __main__ - INFO - Found 0 days for ZSPD 2023-06
2026-08-13 15:52:16,608 - __main__ - INFO - Fetching ZSPD 2023-07
2026-08-13 15:52:18,476 - __main__ - INFO - Fetching https://www.wunderground.com/history/monthly/cn/shanghai/ZSPD/date/2023-7 (attempt 1/5)
2026-08-13 15:52:18,681 - __main__ - INFO - Found 0 days for ZSPD 2023-07
2026-08-13 15:52:21,141 - __main__ - INFO - Fetching ZSPD 2023-08
2026-08-13 15:52:25,339 - __main__ - INFO - Fetching https://www.wunderground.com/history/monthly/cn/shanghai/ZSPD/date/2023-8 (attempt 1/5)
2026-08-13 15:52:27,557 - __main__ - INFO - Found 0 days for ZSPD 2023-08
2026-08-13 15:52:30,669 - __main__ - INFO - Fetching ZSPD 2023-09
2026-08-13 15:52:34,857 - __main__ - INFO - Fetching https://www.wunderground.com/history/monthly/cn/shanghai/ZSPD/date/2023-9 (attempt 1/5)
2026-08-13 15:52:37,094 - __main__ - INFO - Found 0 days for ZSPD 2023-09
2026-08-13 15:52:39,119 - __main__ - INFO - Fetching ZSPD 2023-10
2026-08-13 15:52:42,703 - __main__ - INFO - Fetching https://www.wunderground.com/history/monthly/cn/shanghai/ZSPD/date/2023-10 (attempt 1/5)
2026-08-13 15:52:44,875 - __main__ - INFO - Found 0 days for ZSPD 2023-10
2026-08-13 15:52:47,383 - __main__ - INFO - Fetching ZSPD 2023-11
2026-08-13 15:52:52,346 - __main__ - INFO - Fetching https://www.wunderground.com/history/monthly/cn/shanghai/ZSPD/date/2023-11 (attempt 1/5)
2026-08-13 15:52:54,770 - __main__ - INFO - Found 0 days for ZSPD 2023-11
2026-08-13 15:52:58,586 - __main__ - INFO - Fetching ZSPD 2023-12
2026-08-13 15:53:00,171 - __main__ - INFO - Fetching https://www.wunderground.com/history/monthly/cn/shanghai/ZSPD/date/2023-12 (attempt 1/5)
2026-08-13 15:53:02,205 - __main__ - INFO - Found 0 days for ZSPD 2023-12
